Archive member included because of file (symbol)

/usr/lib/gcc/arm-none-eabi/4.8.2/../../../arm-none-eabi/lib/armv7e-m/fpu/libg.a(lib_a-atexit.o)
                              /usr/lib/gcc/arm-none-eabi/4.8.2/../../../arm-none-eabi/lib/armv7e-m/fpu/crt0.o (atexit)
/usr/lib/gcc/arm-none-eabi/4.8.2/../../../arm-none-eabi/lib/armv7e-m/fpu/libg.a(lib_a-exit.o)
                              /usr/lib/gcc/arm-none-eabi/4.8.2/../../../arm-none-eabi/lib/armv7e-m/fpu/crt0.o (exit)
/usr/lib/gcc/arm-none-eabi/4.8.2/../../../arm-none-eabi/lib/armv7e-m/fpu/libg.a(lib_a-fini.o)
                              /usr/lib/gcc/arm-none-eabi/4.8.2/../../../arm-none-eabi/lib/armv7e-m/fpu/crt0.o (__libc_fini_array)
/usr/lib/gcc/arm-none-eabi/4.8.2/../../../arm-none-eabi/lib/armv7e-m/fpu/libg.a(lib_a-impure.o)
                              /usr/lib/gcc/arm-none-eabi/4.8.2/../../../arm-none-eabi/lib/armv7e-m/fpu/libg.a(lib_a-exit.o) (_global_impure_ptr)
/usr/lib/gcc/arm-none-eabi/4.8.2/../../../arm-none-eabi/lib/armv7e-m/fpu/libg.a(lib_a-init.o)
                              /usr/lib/gcc/arm-none-eabi/4.8.2/../../../arm-none-eabi/lib/armv7e-m/fpu/crt0.o (__libc_init_array)
/usr/lib/gcc/arm-none-eabi/4.8.2/../../../arm-none-eabi/lib/armv7e-m/fpu/libg.a(lib_a-memset.o)
                              /usr/lib/gcc/arm-none-eabi/4.8.2/../../../arm-none-eabi/lib/armv7e-m/fpu/crt0.o (memset)
/usr/lib/gcc/arm-none-eabi/4.8.2/../../../arm-none-eabi/lib/armv7e-m/fpu/libg.a(lib_a-puts.o)
                              /home/hans/projects/Software/build-helloworld-ARM_Bare_Metal-Debug/qtc_ARM_Bare_5c5e68d8-debug/Hello-World-.qtc-ARM-Bare-5c5e68d8.07263495/.obj/13e10eb74e15914e/stm32f4x7_eth_bsp.c.o (puts)
/usr/lib/gcc/arm-none-eabi/4.8.2/../../../arm-none-eabi/lib/armv7e-m/fpu/libg.a(lib_a-reent.o)
                              /home/hans/projects/Software/build-helloworld-ARM_Bare_Metal-Debug/qtc_ARM_Bare_5c5e68d8-debug/Hello-World-.qtc-ARM-Bare-5c5e68d8.07263495/.obj/13e10eb74e15914e/dummylib.c.o (errno)
/usr/lib/gcc/arm-none-eabi/4.8.2/../../../arm-none-eabi/lib/armv7e-m/fpu/libg.a(lib_a-strlen.o)
                              /usr/lib/gcc/arm-none-eabi/4.8.2/../../../arm-none-eabi/lib/armv7e-m/fpu/libg.a(lib_a-puts.o) (strlen)
/usr/lib/gcc/arm-none-eabi/4.8.2/../../../arm-none-eabi/lib/armv7e-m/fpu/libg.a(lib_a-__atexit.o)
                              /usr/lib/gcc/arm-none-eabi/4.8.2/../../../arm-none-eabi/lib/armv7e-m/fpu/libg.a(lib_a-atexit.o) (__register_exitproc)
/usr/lib/gcc/arm-none-eabi/4.8.2/../../../arm-none-eabi/lib/armv7e-m/fpu/libg.a(lib_a-__call_atexit.o)
                              /usr/lib/gcc/arm-none-eabi/4.8.2/../../../arm-none-eabi/lib/armv7e-m/fpu/libg.a(lib_a-exit.o) (__call_exitprocs)
/usr/lib/gcc/arm-none-eabi/4.8.2/../../../arm-none-eabi/lib/armv7e-m/fpu/libg.a(lib_a-freer.o)
                              /usr/lib/gcc/arm-none-eabi/4.8.2/../../../arm-none-eabi/lib/armv7e-m/fpu/libg.a(lib_a-reent.o) (_free_r)
/usr/lib/gcc/arm-none-eabi/4.8.2/../../../arm-none-eabi/lib/armv7e-m/fpu/libg.a(lib_a-fvwrite.o)
                              /usr/lib/gcc/arm-none-eabi/4.8.2/../../../arm-none-eabi/lib/armv7e-m/fpu/libg.a(lib_a-puts.o) (__sfvwrite_r)
/usr/lib/gcc/arm-none-eabi/4.8.2/../../../arm-none-eabi/lib/armv7e-m/fpu/libg.a(lib_a-mallocr.o)
                              /usr/lib/gcc/arm-none-eabi/4.8.2/../../../arm-none-eabi/lib/armv7e-m/fpu/libg.a(lib_a-fvwrite.o) (_malloc_r)
/usr/lib/gcc/arm-none-eabi/4.8.2/../../../arm-none-eabi/lib/armv7e-m/fpu/libg.a(lib_a-memchr-stub.o)
                              /usr/lib/gcc/arm-none-eabi/4.8.2/../../../arm-none-eabi/lib/armv7e-m/fpu/libg.a(lib_a-fvwrite.o) (memchr)
/usr/lib/gcc/arm-none-eabi/4.8.2/../../../arm-none-eabi/lib/armv7e-m/fpu/libg.a(lib_a-memcpy.o)
                              /usr/lib/gcc/arm-none-eabi/4.8.2/../../../arm-none-eabi/lib/armv7e-m/fpu/libg.a(lib_a-fvwrite.o) (memcpy)
/usr/lib/gcc/arm-none-eabi/4.8.2/../../../arm-none-eabi/lib/armv7e-m/fpu/libg.a(lib_a-memmove.o)
                              /usr/lib/gcc/arm-none-eabi/4.8.2/../../../arm-none-eabi/lib/armv7e-m/fpu/libg.a(lib_a-fvwrite.o) (memmove)
/usr/lib/gcc/arm-none-eabi/4.8.2/../../../arm-none-eabi/lib/armv7e-m/fpu/libg.a(lib_a-mlock.o)
                              /usr/lib/gcc/arm-none-eabi/4.8.2/../../../arm-none-eabi/lib/armv7e-m/fpu/libg.a(lib_a-freer.o) (__malloc_lock)
/usr/lib/gcc/arm-none-eabi/4.8.2/../../../arm-none-eabi/lib/armv7e-m/fpu/libg.a(lib_a-reallocr.o)
                              /usr/lib/gcc/arm-none-eabi/4.8.2/../../../arm-none-eabi/lib/armv7e-m/fpu/libg.a(lib_a-fvwrite.o) (_realloc_r)
/usr/lib/gcc/arm-none-eabi/4.8.2/../../../arm-none-eabi/lib/armv7e-m/fpu/libg.a(lib_a-sbrkr.o)
                              /usr/lib/gcc/arm-none-eabi/4.8.2/../../../arm-none-eabi/lib/armv7e-m/fpu/libg.a(lib_a-freer.o) (_sbrk_r)
/usr/lib/gcc/arm-none-eabi/4.8.2/../../../arm-none-eabi/lib/armv7e-m/fpu/libg.a(lib_a-wsetup.o)
[...]
Memory Configuration

Name             Origin             Length             Attributes
FLASH            0x0000000008000000 0x0000000000100000 xr
RAM              0x0000000020000000 0x0000000000020000 xrw
CCMRAM           0x0000000010000000 0x0000000000010000 rw
*default*        0x0000000000000000 0xffffffffffffffff

Linker script and memory map

LOAD /usr/lib/gcc/arm-none-eabi/4.8.2/armv7e-m/fpu/crti.o
LOAD /usr/lib/gcc/arm-none-eabi/4.8.2/armv7e-m/fpu/crtbegin.o
LOAD /usr/lib/gcc/arm-none-eabi/4.8.2/../../../arm-none-eabi/lib/armv7e-m/fpu/crt0.o
LOAD /home/hans/projects/Software/build-helloworld-ARM_Bare_Metal-Debug/qtc_ARM_Bare_5c5e68d8-debug/Hello-World-.qtc-ARM-Bare-5c5e68d8.07263495/.obj/13e10eb74e15914e/dummylib.c.o
LOAD /home/hans/projects/Software/build-helloworld-ARM_Bare_Metal-Debug/qtc_ARM_Bare_5c5e68d8-debug/Hello-World-.qtc-ARM-Bare-5c5e68d8.07263495/.obj/13e10eb74e15914e/stm32f4x7_eth.c.o
LOAD /home/hans/projects/Software/build-helloworld-ARM_Bare_Metal-Debug/qtc_ARM_Bare_5c5e68d8-debug/Hello-World-.qtc-ARM-Bare-5c5e68d8.07263495/.obj/13e10eb74e15914e/stm32f4x7_eth_bsp.c.o
LOAD /home/hans/projects/Software/build-helloworld-ARM_Bare_Metal-Debug/qtc_ARM_Bare_5c5e68d8-debug/Hello-World-.qtc-ARM-Bare-5c5e68d8.07263495/.obj/13e10eb74e15914e/system_stm32f4xx.c.o
LOAD /home/hans/projects/Software/build-helloworld-ARM_Bare_Metal-Debug/qtc_ARM_Bare_5c5e68d8-debug/Hello-World-.qtc-ARM-Bare-5c5e68d8.07263495/.obj/91fef50b4c5e1c50/main.c.o
LOAD /home/hans/projects/Software/build-helloworld-ARM_Bare_Metal-Debug/qtc_ARM_Bare_5c5e68d8-debug/Hello-World-.qtc-ARM-Bare-5c5e68d8.07263495/.obj/b755b607209abcd4/startup_stm32f40xx.s.o
LOAD /home/hans/projects/Software/build-helloworld-ARM_Bare_Metal-Debug/qtc_ARM_Bare_5c5e68d8-debug/Hello-World-.qtc-ARM-Bare-5c5e68d8.07263495/.obj/e64ca3ddddfee403/misc.c.o
LOAD /home/hans/projects/Software/build-helloworld-ARM_Bare_Metal-Debug/qtc_ARM_Bare_5c5e68d8-debug/Hello-World-.qtc-ARM-Bare-5c5e68d8.07263495/.obj/e64ca3ddddfee403/stm32f4xx_adc.c.o
LOAD /home/hans/projects/Software/build-helloworld-ARM_Bare_Metal-Debug/qtc_ARM_Bare_5c5e68d8-debug/Hello-World-.qtc-ARM-Bare-5c5e68d8.07263495/.obj/e64ca3ddddfee403/stm32f4xx_can.c.o
LOAD /home/hans/projects/Software/build-helloworld-ARM_Bare_Metal-Debug/qtc_ARM_Bare_5c5e68d8-debug/Hello-World-.qtc-ARM-Bare-5c5e68d8.07263495/.obj/e64ca3ddddfee403/stm32f4xx_cec.c.o
LOAD /home/hans/projects/Software/build-helloworld-ARM_Bare_Metal-Debug/qtc_ARM_Bare_5c5e68d8-debug/Hello-World-.qtc-ARM-Bare-5c5e68d8.07263495/.obj/e64ca3ddddfee403/stm32f4xx_crc.c.o
LOAD /home/hans/projects/Software/build-helloworld-ARM_Bare_Metal-Debug/qtc_ARM_Bare_5c5e68d8-debug/Hello-World-.qtc-ARM-Bare-5c5e68d8.07263495/.obj/e64ca3ddddfee403/stm32f4xx_cryp.c.o
LOAD /home/hans/projects/Software/build-helloworld-ARM_Bare_Metal-Debug/qtc_ARM_Bare_5c5e68d8-debug/Hello-World-.qtc-ARM-Bare-5c5e68d8.07263495/.obj/e64ca3ddddfee403/stm32f4xx_cryp_aes.c.o
LOAD /home/hans/projects/Software/build-helloworld-ARM_Bare_Metal-Debug/qtc_ARM_Bare_5c5e68d8-debug/Hello-World-.qtc-ARM-Bare-5c5e68d8.07263495/.obj/e64ca3ddddfee403/stm32f4xx_cryp_des.c.o
LOAD /home/hans/projects/Software/build-helloworld-ARM_Bare_Metal-Debug/qtc_ARM_Bare_5c5e68d8-debug/Hello-World-.qtc-ARM-Bare-5c5e68d8.07263495/.obj/e64ca3ddddfee403/stm32f4xx_cryp_tdes.c.o
LOAD /home/hans/projects/Software/build-helloworld-ARM_Bare_Metal-Debug/qtc_ARM_Bare_5c5e68d8-debug/Hello-World-.qtc-ARM-Bare-5c5e68d8.07263495/.obj/e64ca3ddddfee403/stm32f4xx_dac.c.o
LOAD /home/hans/projects/Software/build-helloworld-ARM_Bare_Metal-Debug/qtc_ARM_Bare_5c5e68d8-debug/Hello-World-.qtc-ARM-Bare-5c5e68d8.07263495/.obj/e64ca3ddddfee403/stm32f4xx_dbgmcu.c.o
LOAD /home/hans/projects/Software/build-helloworld-ARM_Bare_Metal-Debug/qtc_ARM_Bare_5c5e68d8-debug/Hello-World-.qtc-ARM-Bare-5c5e68d8.07263495/.obj/e64ca3ddddfee403/stm32f4xx_dcmi.c.o
LOAD /home/hans/projects/Software/build-helloworld-ARM_Bare_Metal-Debug/qtc_ARM_Bare_5c5e68d8-debug/Hello-World-.qtc-ARM-Bare-5c5e68d8.07263495/.obj/e64ca3ddddfee403/stm32f4xx_dma.c.o
LOAD /home/hans/projects/Software/build-helloworld-ARM_Bare_Metal-Debug/qtc_ARM_Bare_5c5e68d8-debug/Hello-World-.qtc-ARM-Bare-5c5e68d8.07263495/.obj/e64ca3ddddfee403/stm32f4xx_dma2d.c.o
LOAD /home/hans/projects/Software/build-helloworld-ARM_Bare_Metal-Debug/qtc_ARM_Bare_5c5e68d8-debug/Hello-World-.qtc-ARM-Bare-5c5e68d8.07263495/.obj/e64ca3ddddfee403/stm32f4xx_dsi.c.o
LOAD /home/hans/projects/Software/build-helloworld-ARM_Bare_Metal-Debug/qtc_ARM_Bare_5c5e68d8-debug/Hello-World-.qtc-ARM-Bare-5c5e68d8.07263495/.obj/e64ca3ddddfee403/stm32f4xx_exti.c.o
LOAD /home/hans/projects/Software/build-helloworld-ARM_Bare_Metal-Debug/qtc_ARM_Bare_5c5e68d8-debug/Hello-World-.qtc-ARM-Bare-5c5e68d8.07263495/.obj/e64ca3ddddfee403/stm32f4xx_flash.c.o
LOAD /home/hans/projects/Software/build-helloworld-ARM_Bare_Metal-Debug/qtc_ARM_Bare_5c5e68d8-debug/Hello-World-.qtc-ARM-Bare-5c5e68d8.07263495/.obj/e64ca3ddddfee403/stm32f4xx_flash_ramfunc.c.o
LOAD /home/hans/projects/Software/build-helloworld-ARM_Bare_Metal-Debug/qtc_ARM_Bare_5c5e68d8-debug/Hello-World-.qtc-ARM-Bare-5c5e68d8.07263495/.obj/e64ca3ddddfee403/stm32f4xx_fmpi2c.c.o
LOAD /home/hans/projects/Software/build-helloworld-ARM_Bare_Metal-Debug/qtc_ARM_Bare_5c5e68d8-debug/Hello-World-.qtc-ARM-Bare-5c5e68d8.07263495/.obj/e64ca3ddddfee403/stm32f4xx_fsmc.c.o
LOAD /home/hans/projects/Software/build-helloworld-ARM_Bare_Metal-Debug/qtc_ARM_Bare_5c5e68d8-debug/Hello-World-.qtc-ARM-Bare-5c5e68d8.07263495/.obj/e64ca3ddddfee403/stm32f4xx_gpio.c.o
LOAD /home/hans/projects/Software/build-helloworld-ARM_Bare_Metal-Debug/qtc_ARM_Bare_5c5e68d8-debug/Hello-World-.qtc-ARM-Bare-5c5e68d8.07263495/.obj/e64ca3ddddfee403/stm32f4xx_hash.c.o
LOAD /home/hans/projects/Software/build-helloworld-ARM_Bare_Metal-Debug/qtc_ARM_Bare_5c5e68d8-debug/Hello-World-.qtc-ARM-Bare-5c5e68d8.07263495/.obj/e64ca3ddddfee403/stm32f4xx_hash_md5.c.o
LOAD /home/hans/projects/Software/build-helloworld-ARM_Bare_Metal-Debug/qtc_ARM_Bare_5c5e68d8-debug/Hello-World-.qtc-ARM-Bare-5c5e68d8.07263495/.obj/e64ca3ddddfee403/stm32f4xx_hash_sha1.c.o
LOAD /home/hans/projects/Software/build-helloworld-ARM_Bare_Metal-Debug/qtc_ARM_Bare_5c5e68d8-debug/Hello-World-.qtc-ARM-Bare-5c5e68d8.07263495/.obj/e64ca3ddddfee403/stm32f4xx_i2c.c.o
LOAD /home/hans/projects/Software/build-helloworld-ARM_Bare_Metal-Debug/qtc_ARM_Bare_5c5e68d8-debug/Hello-World-.qtc-ARM-Bare-5c5e68d8.07263495/.obj/e64ca3ddddfee403/stm32f4xx_iwdg.c.o
LOAD /home/hans/projects/Software/build-helloworld-ARM_Bare_Metal-Debug/qtc_ARM_Bare_5c5e68d8-debug/Hello-World-.qtc-ARM-Bare-5c5e68d8.07263495/.obj/e64ca3ddddfee403/stm32f4xx_lptim.c.o
LOAD /home/hans/projects/Software/build-helloworld-ARM_Bare_Metal-Debug/qtc_ARM_Bare_5c5e68d8-debug/Hello-World-.qtc-ARM-Bare-5c5e68d8.07263495/.obj/e64ca3ddddfee403/stm32f4xx_ltdc.c.o
LOAD /home/hans/projects/Software/build-helloworld-ARM_Bare_Metal-Debug/qtc_ARM_Bare_5c5e68d8-debug/Hello-World-.qtc-ARM-Bare-5c5e68d8.07263495/.obj/e64ca3ddddfee403/stm32f4xx_pwr.c.o
LOAD /home/hans/projects/Software/build-helloworld-ARM_Bare_Metal-Debug/qtc_ARM_Bare_5c5e68d8-debug/Hello-World-.qtc-ARM-Bare-5c5e68d8.07263495/.obj/e64ca3ddddfee403/stm32f4xx_qspi.c.o
LOAD /home/hans/projects/Software/build-helloworld-ARM_Bare_Metal-Debug/qtc_ARM_Bare_5c5e68d8-debug/Hello-World-.qtc-ARM-Bare-5c5e68d8.07263495/.obj/e64ca3ddddfee403/stm32f4xx_rcc.c.o
LOAD /home/hans/projects/Software/build-helloworld-ARM_Bare_Metal-Debug/qtc_ARM_Bare_5c5e68d8-debug/Hello-World-.qtc-ARM-Bare-5c5e68d8.07263495/.obj/e64ca3ddddfee403/stm32f4xx_rng.c.o
LOAD /home/hans/projects/Software/build-helloworld-ARM_Bare_Metal-Debug/qtc_ARM_Bare_5c5e68d8-debug/Hello-World-.qtc-ARM-Bare-5c5e68d8.07263495/.obj/e64ca3ddddfee403/stm32f4xx_rtc.c.o
LOAD /home/hans/projects/Software/build-helloworld-ARM_Bare_Metal-Debug/qtc_ARM_Bare_5c5e68d8-debug/Hello-World-.qtc-ARM-Bare-5c5e68d8.07263495/.obj/e64ca3ddddfee403/stm32f4xx_sai.c.o
LOAD /home/hans/projects/Software/build-helloworld-ARM_Bare_Metal-Debug/qtc_ARM_Bare_5c5e68d8-debug/Hello-World-.qtc-ARM-Bare-5c5e68d8.07263495/.obj/e64ca3ddddfee403/stm32f4xx_sdio.c.o
LOAD /home/hans/projects/Software/build-helloworld-ARM_Bare_Metal-Debug/qtc_ARM_Bare_5c5e68d8-debug/Hello-World-.qtc-ARM-Bare-5c5e68d8.07263495/.obj/e64ca3ddddfee403/stm32f4xx_spdifrx.c.o
LOAD /home/hans/projects/Software/build-helloworld-ARM_Bare_Metal-Debug/qtc_ARM_Bare_5c5e68d8-debug/Hello-World-.qtc-ARM-Bare-5c5e68d8.07263495/.obj/e64ca3ddddfee403/stm32f4xx_spi.c.o
LOAD /home/hans/projects/Software/build-helloworld-ARM_Bare_Metal-Debug/qtc_ARM_Bare_5c5e68d8-debug/Hello-World-.qtc-ARM-Bare-5c5e68d8.07263495/.obj/e64ca3ddddfee403/stm32f4xx_syscfg.c.o
LOAD /home/hans/projects/Software/build-helloworld-ARM_Bare_Metal-Debug/qtc_ARM_Bare_5c5e68d8-debug/Hello-World-.qtc-ARM-Bare-5c5e68d8.07263495/.obj/e64ca3ddddfee403/stm32f4xx_tim.c.o
LOAD /home/hans/projects/Software/build-helloworld-ARM_Bare_Metal-Debug/qtc_ARM_Bare_5c5e68d8-debug/Hello-World-.qtc-ARM-Bare-5c5e68d8.07263495/.obj/e64ca3ddddfee403/stm32f4xx_usart.c.o
LOAD /home/hans/projects/Software/build-helloworld-ARM_Bare_Metal-Debug/qtc_ARM_Bare_5c5e68d8-debug/Hello-World-.qtc-ARM-Bare-5c5e68d8.07263495/.obj/e64ca3ddddfee403/stm32f4xx_wwdg.c.o
START GROUP
LOAD /usr/lib/gcc/arm-none-eabi/4.8.2/armv7e-m/fpu/libgcc.a
LOAD /usr/lib/gcc/arm-none-eabi/4.8.2/../../../arm-none-eabi/lib/armv7e-m/fpu/libg.a
LOAD /usr/lib/gcc/arm-none-eabi/4.8.2/../../../arm-none-eabi/lib/armv7e-m/fpu/libc.a
END GROUP
LOAD /usr/lib/gcc/arm-none-eabi/4.8.2/armv7e-m/fpu/crtend.o
LOAD /usr/lib/gcc/arm-none-eabi/4.8.2/armv7e-m/fpu/crtn.o
                0x000000002001ffff                _estack = 0x2001ffff
                0x0000000000000000                _Min_Heap_Size = 0x0
                0x0000000000000000                _Min_Stack_Size = 0x0

.isr_vector     0x0000000008000000      0x188
                0x0000000008000000                . = ALIGN (0x4)
 *(.isr_vector)
 .isr_vector    0x0000000008000000      0x188 /home/hans/projects/Software/build-helloworld-ARM_Bare_Metal-Debug/qtc_ARM_Bare_5c5e68d8-debug/Hello-World-.qtc-ARM-Bare-5c5e68d8.07263495/.obj/b755b607209abcd4/startup_stm32f40xx.s.o
                0x0000000008000000                g_pfnVectors
                0x0000000008000188                . = ALIGN (0x4)

.text           0x0000000008000188      0xa6c
                0x0000000008000188                . = ALIGN (0x4)
 *(.text)
 .text          0x0000000008000188       0xc8 /usr/lib/gcc/arm-none-eabi/4.8.2/armv7e-m/fpu/crtbegin.o
 *(.text*)
 .text.SystemInit
                0x0000000008000250       0xac /home/hans/projects/Software/build-helloworld-ARM_Bare_Metal-Debug/qtc_ARM_Bare_5c5e68d8-debug/Hello-World-.qtc-ARM-Bare-5c5e68d8.07263495/.obj/13e10eb74e15914e/system_stm32f4xx.c.o
                0x0000000008000250                SystemInit
 .text.SetSysClock
                0x00000000080002fc      0x17c /home/hans/projects/Software/build-helloworld-ARM_Bare_Metal-Debug/qtc_ARM_Bare_5c5e68d8-debug/Hello-World-.qtc-ARM-Bare-5c5e68d8.07263495/.obj/13e10eb74e15914e/system_stm32f4xx.c.o
 .text.assert_param
                0x0000000008000478       0x14 /home/hans/projects/Software/build-helloworld-ARM_Bare_Metal-Debug/qtc_ARM_Bare_5c5e68d8-debug/Hello-World-.qtc-ARM-Bare-5c5e68d8.07263495/.obj/91fef50b4c5e1c50/main.c.o
                0x0000000008000478                assert_param
 .text.main     0x000000000800048c       0xac /home/hans/projects/Software/build-helloworld-ARM_Bare_Metal-Debug/qtc_ARM_Bare_5c5e68d8-debug/Hello-World-.qtc-ARM-Bare-5c5e68d8.07263495/.obj/91fef50b4c5e1c50/main.c.o
                0x000000000800048c                main
 .text.Reset_Handler
                0x0000000008000538       0x44 /home/hans/projects/Software/build-helloworld-ARM_Bare_Metal-Debug/qtc_ARM_Bare_5c5e68d8-debug/Hello-World-.qtc-ARM-Bare-5c5e68d8.07263495/.obj/b755b607209abcd4/startup_stm32f40xx.s.o
                0x0000000008000538                Reset_Handler
 .text.Default_Handler
                0x000000000800057c        0x2 /home/hans/projects/Software/build-helloworld-ARM_Bare_Metal-Debug/qtc_ARM_Bare_5c5e68d8-debug/Hello-World-.qtc-ARM-Bare-5c5e68d8.07263495/.obj/b755b607209abcd4/startup_stm32f40xx.s.o
                0x000000000800057c                RTC_Alarm_IRQHandler
                0x000000000800057c                HASH_RNG_IRQHandler
                0x000000000800057c                EXTI2_IRQHandler
                0x000000000800057c                TIM8_CC_IRQHandler
                0x000000000800057c                DebugMon_Handler
                0x000000000800057c                TIM1_CC_IRQHandler
                0x000000000800057c                DMA2_Stream5_IRQHandler
                0x000000000800057c                HardFault_Handler
                0x000000000800057c                DMA1_Stream5_IRQHandler
                0x000000000800057c                SysTick_Handler
                0x000000000800057c                PVD_IRQHandler
                0x000000000800057c                SDIO_IRQHandler
                0x000000000800057c                TAMP_STAMP_IRQHandler
                0x000000000800057c                PendSV_Handler
                0x000000000800057c                NMI_Handler
                0x000000000800057c                CAN2_RX1_IRQHandler
                0x000000000800057c                EXTI3_IRQHandler
                0x000000000800057c                TIM8_TRG_COM_TIM14_IRQHandler
                0x000000000800057c                TIM1_UP_TIM10_IRQHandler
                0x000000000800057c                TIM8_UP_TIM13_IRQHandler
                0x000000000800057c                I2C3_ER_IRQHandler
                0x000000000800057c                EXTI0_IRQHandler
                0x000000000800057c                I2C2_EV_IRQHandler
                0x000000000800057c                DMA1_Stream2_IRQHandler
                0x000000000800057c                CAN1_RX0_IRQHandler
                0x000000000800057c                FPU_IRQHandler
                0x000000000800057c                OTG_HS_WKUP_IRQHandler
                0x000000000800057c                UsageFault_Handler
                0x000000000800057c                CAN2_SCE_IRQHandler
                0x000000000800057c                DMA2_Stream2_IRQHandler
                0x000000000800057c                SPI1_IRQHandler
                0x000000000800057c                TIM6_DAC_IRQHandler
                0x000000000800057c                TIM1_BRK_TIM9_IRQHandler
                0x000000000800057c                DCMI_IRQHandler
                0x000000000800057c                CAN2_RX0_IRQHandler
                0x000000000800057c                DMA2_Stream3_IRQHandler
                0x000000000800057c                USART6_IRQHandler
                0x000000000800057c                USART3_IRQHandler
                0x000000000800057c                CRYP_IRQHandler
                0x000000000800057c                CAN1_RX1_IRQHandler
                0x000000000800057c                UART5_IRQHandler
                0x000000000800057c                DMA2_Stream0_IRQHandler
                0x000000000800057c                TIM4_IRQHandler
                0x000000000800057c                I2C1_EV_IRQHandler
                0x000000000800057c                DMA1_Stream6_IRQHandler
                0x000000000800057c                DMA1_Stream1_IRQHandler
                0x000000000800057c                UART4_IRQHandler
                0x000000000800057c                TIM3_IRQHandler
                0x000000000800057c                RCC_IRQHandler
                0x000000000800057c                TIM8_BRK_TIM12_IRQHandler
                0x000000000800057c                Default_Handler
                0x000000000800057c                EXTI15_10_IRQHandler
                0x000000000800057c                ADC_IRQHandler
                0x000000000800057c                DMA1_Stream7_IRQHandler
                0x000000000800057c                TIM7_IRQHandler
                0x000000000800057c                CAN2_TX_IRQHandler
                0x000000000800057c                TIM5_IRQHandler
                0x000000000800057c                DMA2_Stream7_IRQHandler
                0x000000000800057c                I2C3_EV_IRQHandler
                0x000000000800057c                EXTI9_5_IRQHandler
                0x000000000800057c                RTC_WKUP_IRQHandler
                0x000000000800057c                ETH_WKUP_IRQHandler
                0x000000000800057c                SPI2_IRQHandler
                0x000000000800057c                OTG_HS_EP1_IN_IRQHandler
                0x000000000800057c                MemManage_Handler
                0x000000000800057c                DMA1_Stream0_IRQHandler
                0x000000000800057c                CAN1_TX_IRQHandler
                0x000000000800057c                SVC_Handler
                0x000000000800057c                EXTI4_IRQHandler
                0x000000000800057c                FSMC_IRQHandler
                0x000000000800057c                ETH_IRQHandler
                0x000000000800057c                OTG_HS_EP1_OUT_IRQHandler
                0x000000000800057c                WWDG_IRQHandler
                0x000000000800057c                TIM2_IRQHandler
                0x000000000800057c                OTG_FS_WKUP_IRQHandler
                0x000000000800057c                TIM1_TRG_COM_TIM11_IRQHandler
                0x000000000800057c                OTG_HS_IRQHandler
                0x000000000800057c                EXTI1_IRQHandler
                0x000000000800057c                USART2_IRQHandler
                0x000000000800057c                I2C2_ER_IRQHandler
                0x000000000800057c                DMA2_Stream1_IRQHandler
                0x000000000800057c                CAN1_SCE_IRQHandler
                0x000000000800057c                FLASH_IRQHandler
                0x000000000800057c                DMA2_Stream4_IRQHandler
                0x000000000800057c                BusFault_Handler
                0x000000000800057c                USART1_IRQHandler
                0x000000000800057c                OTG_FS_IRQHandler
                0x000000000800057c                SPI3_IRQHandler
                0x000000000800057c                DMA1_Stream4_IRQHandler
                0x000000000800057c                I2C1_ER_IRQHandler
                0x000000000800057c                DMA2_Stream6_IRQHandler
                0x000000000800057c                DMA1_Stream3_IRQHandler
 *fill*         0x000000000800057e        0x2 
 .text.GPIO_Init
                0x0000000008000580      0x26c /home/hans/projects/Software/build-helloworld-ARM_Bare_Metal-Debug/qtc_ARM_Bare_5c5e68d8-debug/Hello-World-.qtc-ARM-Bare-5c5e68d8.07263495/.obj/e64ca3ddddfee403/stm32f4xx_gpio.c.o
                0x0000000008000580                GPIO_Init
 .text.GPIO_SetBits
                0x00000000080007ec       0xd0 /home/hans/projects/Software/build-helloworld-ARM_Bare_Metal-Debug/qtc_ARM_Bare_5c5e68d8-debug/Hello-World-.qtc-ARM-Bare-5c5e68d8.07263495/.obj/e64ca3ddddfee403/stm32f4xx_gpio.c.o
                0x00000000080007ec                GPIO_SetBits
 .text.GPIO_ResetBits
                0x00000000080008bc       0xd0 /home/hans/projects/Software/build-helloworld-ARM_Bare_Metal-Debug/qtc_ARM_Bare_5c5e68d8-debug/Hello-World-.qtc-ARM-Bare-5c5e68d8.07263495/.obj/e64ca3ddddfee403/stm32f4xx_gpio.c.o
                0x00000000080008bc                GPIO_ResetBits
 .text.GPIO_ToggleBits
                0x000000000800098c       0xc4 /home/hans/projects/Software/build-helloworld-ARM_Bare_Metal-Debug/qtc_ARM_Bare_5c5e68d8-debug/Hello-World-.qtc-ARM-Bare-5c5e68d8.07263495/.obj/e64ca3ddddfee403/stm32f4xx_gpio.c.o
                0x000000000800098c                GPIO_ToggleBits
 .text.RCC_AHB1PeriphClockCmd
                0x0000000008000a50       0x88 /home/hans/projects/Software/build-helloworld-ARM_Bare_Metal-Debug/qtc_ARM_Bare_5c5e68d8-debug/Hello-World-.qtc-ARM-Bare-5c5e68d8.07263495/.obj/e64ca3ddddfee403/stm32f4xx_rcc.c.o
                0x0000000008000a50                RCC_AHB1PeriphClockCmd
 .text.atexit   0x0000000008000ad8        0xc /usr/lib/gcc/arm-none-eabi/4.8.2/../../../arm-none-eabi/lib/armv7e-m/fpu/libg.a(lib_a-atexit.o)
                0x0000000008000ad8                atexit
 .text.__libc_fini_array
                0x0000000008000ae4       0x34 /usr/lib/gcc/arm-none-eabi/4.8.2/../../../arm-none-eabi/lib/armv7e-m/fpu/libg.a(lib_a-fini.o)
                0x0000000008000ae4                __libc_fini_array
 .text.__register_exitproc
                0x0000000008000b18       0xac /usr/lib/gcc/arm-none-eabi/4.8.2/../../../arm-none-eabi/lib/armv7e-m/fpu/libg.a(lib_a-__atexit.o)
                0x0000000008000b18                __register_exitproc
 .text.startup.register_fini
                0x0000000008000bc4       0x18 /usr/lib/gcc/arm-none-eabi/4.8.2/../../../arm-none-eabi/lib/armv7e-m/fpu/libg.a(lib_a-__call_atexit.o)
 *(.glue_7)
 .glue_7        0x0000000000000000        0x0 linker stubs
 *(.glue_7t)
 .glue_7t       0x0000000000000000        0x0 linker stubs
 *(.eh_frame)
 .eh_frame      0x0000000008000bdc        0x0 /usr/lib/gcc/arm-none-eabi/4.8.2/armv7e-m/fpu/crtbegin.o
 *(.init)
 .init          0x0000000008000bdc        0x4 /usr/lib/gcc/arm-none-eabi/4.8.2/armv7e-m/fpu/crti.o
                0x0000000008000bdc                _init
 .init          0x0000000008000be0        0x8 /usr/lib/gcc/arm-none-eabi/4.8.2/armv7e-m/fpu/crtn.o
 *(.fini)
 .fini          0x0000000008000be8        0x4 /usr/lib/gcc/arm-none-eabi/4.8.2/armv7e-m/fpu/crti.o
                0x0000000008000be8                _fini
 .fini          0x0000000008000bec        0x8 /usr/lib/gcc/arm-none-eabi/4.8.2/armv7e-m/fpu/crtn.o
                0x0000000008000bf4                . = ALIGN (0x4)
                0x0000000008000bf4                _etext = .

.vfp11_veneer   0x0000000008000bf4        0x0
 .vfp11_veneer  0x0000000000000000        0x0 linker stubs

.v4_bx          0x0000000008000bf4        0x0
 .v4_bx         0x0000000000000000        0x0 linker stubs

.iplt           0x0000000008000bf4        0x0
 .iplt          0x0000000000000000        0x0 /usr/lib/gcc/arm-none-eabi/4.8.2/armv7e-m/fpu/crtbegin.o

.rodata         0x0000000008000bf4        0x8
                0x0000000008000bf4                . = ALIGN (0x4)
 *(.rodata)
 *(.rodata*)
 .rodata.str1.4
                0x0000000008000bf4        0x4 /usr/lib/gcc/arm-none-eabi/4.8.2/../../../arm-none-eabi/lib/armv7e-m/fpu/libg.a(lib_a-impure.o)
 .rodata._global_impure_ptr
                0x0000000008000bf8        0x4 /usr/lib/gcc/arm-none-eabi/4.8.2/../../../arm-none-eabi/lib/armv7e-m/fpu/libg.a(lib_a-impure.o)
                0x0000000008000bf8                _global_impure_ptr
                0x0000000008000bfc                . = ALIGN (0x4)

.rel.dyn        0x0000000008000bfc        0x0
 .rel.iplt      0x0000000000000000        0x0 /usr/lib/gcc/arm-none-eabi/4.8.2/armv7e-m/fpu/crtbegin.o

.ARM.extab
 *(.ARM.extab* .gnu.linkonce.armextab.*)

.ARM            0x0000000008000bfc        0x0
                0x0000000008000bfc                __exidx_start = .
 *(.ARM.exidx*)
                0x0000000008000bfc                __exidx_end = .

.preinit_array  0x0000000008000bfc        0x0
                0x0000000008000bfc                PROVIDE (__preinit_array_start, .)
 *(.preinit_array*)
                0x0000000008000bfc                PROVIDE (__preinit_array_end, .)

.init_array     0x0000000008000bfc        0x8
                0x0000000008000bfc                PROVIDE (__init_array_start, .)
 *(SORT(.init_array.*))
 .init_array.00000
                0x0000000008000bfc        0x4 /usr/lib/gcc/arm-none-eabi/4.8.2/../../../arm-none-eabi/lib/armv7e-m/fpu/libg.a(lib_a-__call_atexit.o)
 *(.init_array*)
 .init_array    0x0000000008000c00        0x4 /usr/lib/gcc/arm-none-eabi/4.8.2/armv7e-m/fpu/crtbegin.o
                0x0000000008000c04                PROVIDE (__init_array_end, .)

.fini_array     0x0000000008000c04        0x4
                0x0000000008000c04                PROVIDE (__fini_array_start, .)
 *(SORT(.fini_array.*))
 *(.fini_array*)
 .fini_array    0x0000000008000c04        0x4 /usr/lib/gcc/arm-none-eabi/4.8.2/armv7e-m/fpu/crtbegin.o
                0x0000000008000c08                PROVIDE (__fini_array_end, .)
                0x0000000008000c08                _sidata = LOADADDR (.data)

.data           0x0000000020000000      0x428 load address 0x0000000008000c08
                0x0000000020000000                . = ALIGN (0x4)
                0x0000000020000000                _sdata = .
 *(.data)
 *(.data*)
 .data.impure_data
                0x0000000020000000      0x428 /usr/lib/gcc/arm-none-eabi/4.8.2/../../../arm-none-eabi/lib/armv7e-m/fpu/libg.a(lib_a-impure.o)
                0x0000000020000428                . = ALIGN (0x4)
                0x0000000020000428                _edata = .
                0x0000000008001030                _siccmram = LOADADDR (.ccmram)

.jcr            0x0000000020000428        0x0 load address 0x0000000008001030
 .jcr           0x0000000020000428        0x0 /usr/lib/gcc/arm-none-eabi/4.8.2/armv7e-m/fpu/crtbegin.o

.tm_clone_table
                0x0000000020000428        0x0 load address 0x0000000008001030
 .tm_clone_table
                0x0000000020000428        0x0 /usr/lib/gcc/arm-none-eabi/4.8.2/armv7e-m/fpu/crtbegin.o
 .tm_clone_table
                0x0000000020000428        0x0 /usr/lib/gcc/arm-none-eabi/4.8.2/armv7e-m/fpu/crtend.o

.igot.plt       0x0000000020000428        0x0 load address 0x0000000008001030
 .igot.plt      0x0000000000000000        0x0 /usr/lib/gcc/arm-none-eabi/4.8.2/armv7e-m/fpu/crtbegin.o

.ccmram         0x0000000010000000        0x0 load address 0x0000000008001030
                0x0000000010000000                . = ALIGN (0x4)
                0x0000000010000000                _sccmram = .
 *(.ccmram)
 *(.ccmram*)
                0x0000000010000000                . = ALIGN (0x4)
                0x0000000010000000                _eccmram = .
                0x0000000010000000                . = ALIGN (0x4)

.bss            0x0000000020000428       0x1c
                0x0000000020000428                _sbss = .
                0x0000000020000428                __bss_start__ = _sbss
 *(.bss)
 .bss           0x0000000020000428       0x1c /usr/lib/gcc/arm-none-eabi/4.8.2/armv7e-m/fpu/crtbegin.o
 *(.bss*)
 *(COMMON)
                0x0000000020000444                . = ALIGN (0x4)
                0x0000000020000444                _ebss = .
                0x0000000020000444                __bss_end__ = _ebss

._user_heap_stack
                0x0000000020000444        0x0
                0x0000000020000444                . = ALIGN (0x4)
                0x0000000020000444                PROVIDE (end, .)
                0x0000000020000444                PROVIDE (_end, .)
                0x0000000020000444                . = (. + _Min_Heap_Size)
                0x0000000020000444                . = (. + _Min_Stack_Size)
                0x0000000020000444                . = ALIGN (0x4)

/DISCARD/
 libc.a(*)
 libm.a(*)
 libgcc.a(*)

.ARM.attributes
                0x0000000000000000       0x30
 *(.ARM.attributes)
 .ARM.attributes
                0x0000000000000000       0x22 /usr/lib/gcc/arm-none-eabi/4.8.2/armv7e-m/fpu/crti.o
 .ARM.attributes
                0x0000000000000022       0x34 /usr/lib/gcc/arm-none-eabi/4.8.2/armv7e-m/fpu/crtbegin.o
 .ARM.attributes
                0x0000000000000056       0x39 /home/hans/projects/Software/build-helloworld-ARM_Bare_Metal-Debug/qtc_ARM_Bare_5c5e68d8-debug/Hello-World-.qtc-ARM-Bare-5c5e68d8.07263495/.obj/13e10eb74e15914e/system_stm32f4xx.c.o
 .ARM.attributes
                0x000000000000008f       0x39 /home/hans/projects/Software/build-helloworld-ARM_Bare_Metal-Debug/qtc_ARM_Bare_5c5e68d8-debug/Hello-World-.qtc-ARM-Bare-5c5e68d8.07263495/.obj/91fef50b4c5e1c50/main.c.o
 .ARM.attributes
                0x00000000000000c8       0x21 /home/hans/projects/Software/build-helloworld-ARM_Bare_Metal-Debug/qtc_ARM_Bare_5c5e68d8-debug/Hello-World-.qtc-ARM-Bare-5c5e68d8.07263495/.obj/b755b607209abcd4/startup_stm32f40xx.s.o
 .ARM.attributes
                0x00000000000000e9       0x39 /home/hans/projects/Software/build-helloworld-ARM_Bare_Metal-Debug/qtc_ARM_Bare_5c5e68d8-debug/Hello-World-.qtc-ARM-Bare-5c5e68d8.07263495/.obj/e64ca3ddddfee403/stm32f4xx_gpio.c.o
 .ARM.attributes
                0x0000000000000122       0x39 /home/hans/projects/Software/build-helloworld-ARM_Bare_Metal-Debug/qtc_ARM_Bare_5c5e68d8-debug/Hello-World-.qtc-ARM-Bare-5c5e68d8.07263495/.obj/e64ca3ddddfee403/stm32f4xx_rcc.c.o
 .ARM.attributes
                0x000000000000015b       0x34 /usr/lib/gcc/arm-none-eabi/4.8.2/../../../arm-none-eabi/lib/armv7e-m/fpu/libg.a(lib_a-atexit.o)
 .ARM.attributes
                0x000000000000018f       0x34 /usr/lib/gcc/arm-none-eabi/4.8.2/../../../arm-none-eabi/lib/armv7e-m/fpu/libg.a(lib_a-fini.o)
 .ARM.attributes
                0x00000000000001c3       0x34 /usr/lib/gcc/arm-none-eabi/4.8.2/../../../arm-none-eabi/lib/armv7e-m/fpu/libg.a(lib_a-impure.o)
 .ARM.attributes
                0x00000000000001f7       0x34 /usr/lib/gcc/arm-none-eabi/4.8.2/../../../arm-none-eabi/lib/armv7e-m/fpu/libg.a(lib_a-__atexit.o)
 .ARM.attributes
                0x000000000000022b       0x34 /usr/lib/gcc/arm-none-eabi/4.8.2/../../../arm-none-eabi/lib/armv7e-m/fpu/libg.a(lib_a-__call_atexit.o)
 .ARM.attributes
                0x000000000000025f       0x34 /usr/lib/gcc/arm-none-eabi/4.8.2/armv7e-m/fpu/crtend.o
 .ARM.attributes
                0x0000000000000293       0x22 /usr/lib/gcc/arm-none-eabi/4.8.2/armv7e-m/fpu/crtn.o
OUTPUT(/home/hans/projects/Software/build-helloworld-ARM_Bare_Metal-Debug/qtc_ARM_Bare_5c5e68d8-debug/Hello-World-.qtc-ARM-Bare-5c5e68d8.07263495/helloworld_1_0 elf32-littlearm)

.comment        0x0000000000000000       0x1f
 .comment       0x0000000000000000       0x1f /usr/lib/gcc/arm-none-eabi/4.8.2/armv7e-m/fpu/crtbegin.o
                                         0x20 (size before relaxing)
 .comment       0x0000000000000000       0x20 /home/hans/projects/Software/build-helloworld-ARM_Bare_Metal-Debug/qtc_ARM_Bare_5c5e68d8-debug/Hello-World-.qtc-ARM-Bare-5c5e68d8.07263495/.obj/13e10eb74e15914e/system_stm32f4xx.c.o
 .comment       0x0000000000000000       0x20 /home/hans/projects/Software/build-helloworld-ARM_Bare_Metal-Debug/qtc_ARM_Bare_5c5e68d8-debug/Hello-World-.qtc-ARM-Bare-5c5e68d8.07263495/.obj/91fef50b4c5e1c50/main.c.o
 .comment       0x0000000000000000       0x20 /home/hans/projects/Software/build-helloworld-ARM_Bare_Metal-Debug/qtc_ARM_Bare_5c5e68d8-debug/Hello-World-.qtc-ARM-Bare-5c5e68d8.07263495/.obj/e64ca3ddddfee403/stm32f4xx_gpio.c.o
 .comment       0x0000000000000000       0x20 /home/hans/projects/Software/build-helloworld-ARM_Bare_Metal-Debug/qtc_ARM_Bare_5c5e68d8-debug/Hello-World-.qtc-ARM-Bare-5c5e68d8.07263495/.obj/e64ca3ddddfee403/stm32f4xx_rcc.c.o
 .comment       0x0000000000000000       0x20 /usr/lib/gcc/arm-none-eabi/4.8.2/../../../arm-none-eabi/lib/armv7e-m/fpu/libg.a(lib_a-atexit.o)
 .comment       0x0000000000000000       0x20 /usr/lib/gcc/arm-none-eabi/4.8.2/../../../arm-none-eabi/lib/armv7e-m/fpu/libg.a(lib_a-fini.o)
 .comment       0x0000000000000000       0x20 /usr/lib/gcc/arm-none-eabi/4.8.2/../../../arm-none-eabi/lib/armv7e-m/fpu/libg.a(lib_a-impure.o)
 .comment       0x0000000000000000       0x20 /usr/lib/gcc/arm-none-eabi/4.8.2/../../../arm-none-eabi/lib/armv7e-m/fpu/libg.a(lib_a-__atexit.o)
 .comment       0x0000000000000000       0x20 /usr/lib/gcc/arm-none-eabi/4.8.2/../../../arm-none-eabi/lib/armv7e-m/fpu/libg.a(lib_a-__call_atexit.o)
 .comment       0x0000000000000000       0x20 /usr/lib/gcc/arm-none-eabi/4.8.2/armv7e-m/fpu/crtend.o

.debug_info     0x0000000000000000     0x3e34
 .debug_info    0x0000000000000000      0x5d6 /home/hans/projects/Software/build-helloworld-ARM_Bare_Metal-Debug/qtc_ARM_Bare_5c5e68d8-debug/Hello-World-.qtc-ARM-Bare-5c5e68d8.07263495/.obj/13e10eb74e15914e/system_stm32f4xx.c.o
 .debug_info    0x00000000000005d6      0x2e1 /home/hans/projects/Software/build-helloworld-ARM_Bare_Metal-Debug/qtc_ARM_Bare_5c5e68d8-debug/Hello-World-.qtc-ARM-Bare-5c5e68d8.07263495/.obj/91fef50b4c5e1c50/main.c.o
 .debug_info    0x00000000000008b7       0x82 /home/hans/projects/Software/build-helloworld-ARM_Bare_Metal-Debug/qtc_ARM_Bare_5c5e68d8-debug/Hello-World-.qtc-ARM-Bare-5c5e68d8.07263495/.obj/b755b607209abcd4/startup_stm32f40xx.s.o
 .debug_info    0x0000000000000939      0x6ae /home/hans/projects/Software/build-helloworld-ARM_Bare_Metal-Debug/qtc_ARM_Bare_5c5e68d8-debug/Hello-World-.qtc-ARM-Bare-5c5e68d8.07263495/.obj/e64ca3ddddfee403/stm32f4xx_gpio.c.o
 .debug_info    0x0000000000000fe7     0x10e2 /home/hans/projects/Software/build-helloworld-ARM_Bare_Metal-Debug/qtc_ARM_Bare_5c5e68d8-debug/Hello-World-.qtc-ARM-Bare-5c5e68d8.07263495/.obj/e64ca3ddddfee403/stm32f4xx_rcc.c.o
 .debug_info    0x00000000000020c9      0x10a /usr/lib/gcc/arm-none-eabi/4.8.2/../../../arm-none-eabi/lib/armv7e-m/fpu/libg.a(lib_a-atexit.o)
 .debug_info    0x00000000000021d3       0xef /usr/lib/gcc/arm-none-eabi/4.8.2/../../../arm-none-eabi/lib/armv7e-m/fpu/libg.a(lib_a-fini.o)
 .debug_info    0x00000000000022c2      0x894 /usr/lib/gcc/arm-none-eabi/4.8.2/../../../arm-none-eabi/lib/armv7e-m/fpu/libg.a(lib_a-impure.o)
 .debug_info    0x0000000000002b56      0x934 /usr/lib/gcc/arm-none-eabi/4.8.2/../../../arm-none-eabi/lib/armv7e-m/fpu/libg.a(lib_a-__atexit.o)
 .debug_info    0x000000000000348a      0x9aa /usr/lib/gcc/arm-none-eabi/4.8.2/../../../arm-none-eabi/lib/armv7e-m/fpu/libg.a(lib_a-__call_atexit.o)

.debug_abbrev   0x0000000000000000      0xd91
 .debug_abbrev  0x0000000000000000      0x136 /home/hans/projects/Software/build-helloworld-ARM_Bare_Metal-Debug/qtc_ARM_Bare_5c5e68d8-debug/Hello-World-.qtc-ARM-Bare-5c5e68d8.07263495/.obj/13e10eb74e15914e/system_stm32f4xx.c.o
 .debug_abbrev  0x0000000000000136      0x139 /home/hans/projects/Software/build-helloworld-ARM_Bare_Metal-Debug/qtc_ARM_Bare_5c5e68d8-debug/Hello-World-.qtc-ARM-Bare-5c5e68d8.07263495/.obj/91fef50b4c5e1c50/main.c.o
 .debug_abbrev  0x000000000000026f       0x12 /home/hans/projects/Software/build-helloworld-ARM_Bare_Metal-Debug/qtc_ARM_Bare_5c5e68d8-debug/Hello-World-.qtc-ARM-Bare-5c5e68d8.07263495/.obj/b755b607209abcd4/startup_stm32f40xx.s.o
 .debug_abbrev  0x0000000000000281      0x1b9 /home/hans/projects/Software/build-helloworld-ARM_Bare_Metal-Debug/qtc_ARM_Bare_5c5e68d8-debug/Hello-World-.qtc-ARM-Bare-5c5e68d8.07263495/.obj/e64ca3ddddfee403/stm32f4xx_gpio.c.o
 .debug_abbrev  0x000000000000043a      0x1ce /home/hans/projects/Software/build-helloworld-ARM_Bare_Metal-Debug/qtc_ARM_Bare_5c5e68d8-debug/Hello-World-.qtc-ARM-Bare-5c5e68d8.07263495/.obj/e64ca3ddddfee403/stm32f4xx_rcc.c.o
 .debug_abbrev  0x0000000000000608       0xb8 /usr/lib/gcc/arm-none-eabi/4.8.2/../../../arm-none-eabi/lib/armv7e-m/fpu/libg.a(lib_a-atexit.o)
 .debug_abbrev  0x00000000000006c0       0xbd /usr/lib/gcc/arm-none-eabi/4.8.2/../../../arm-none-eabi/lib/armv7e-m/fpu/libg.a(lib_a-fini.o)
 .debug_abbrev  0x000000000000077d      0x180 /usr/lib/gcc/arm-none-eabi/4.8.2/../../../arm-none-eabi/lib/armv7e-m/fpu/libg.a(lib_a-impure.o)
 .debug_abbrev  0x00000000000008fd      0x20f /usr/lib/gcc/arm-none-eabi/4.8.2/../../../arm-none-eabi/lib/armv7e-m/fpu/libg.a(lib_a-__atexit.o)
 .debug_abbrev  0x0000000000000b0c      0x285 /usr/lib/gcc/arm-none-eabi/4.8.2/../../../arm-none-eabi/lib/armv7e-m/fpu/libg.a(lib_a-__call_atexit.o)

.debug_aranges  0x0000000000000000      0x368
 .debug_aranges
                0x0000000000000000       0x30 /home/hans/projects/Software/build-helloworld-ARM_Bare_Metal-Debug/qtc_ARM_Bare_5c5e68d8-debug/Hello-World-.qtc-ARM-Bare-5c5e68d8.07263495/.obj/13e10eb74e15914e/system_stm32f4xx.c.o
 .debug_aranges
                0x0000000000000030       0x28 /home/hans/projects/Software/build-helloworld-ARM_Bare_Metal-Debug/qtc_ARM_Bare_5c5e68d8-debug/Hello-World-.qtc-ARM-Bare-5c5e68d8.07263495/.obj/91fef50b4c5e1c50/main.c.o
 .debug_aranges
                0x0000000000000058       0x28 /home/hans/projects/Software/build-helloworld-ARM_Bare_Metal-Debug/qtc_ARM_Bare_5c5e68d8-debug/Hello-World-.qtc-ARM-Bare-5c5e68d8.07263495/.obj/b755b607209abcd4/startup_stm32f40xx.s.o
 .debug_aranges
                0x0000000000000080       0x88 /home/hans/projects/Software/build-helloworld-ARM_Bare_Metal-Debug/qtc_ARM_Bare_5c5e68d8-debug/Hello-World-.qtc-ARM-Bare-5c5e68d8.07263495/.obj/e64ca3ddddfee403/stm32f4xx_gpio.c.o
 .debug_aranges
                0x0000000000000108      0x1c0 /home/hans/projects/Software/build-helloworld-ARM_Bare_Metal-Debug/qtc_ARM_Bare_5c5e68d8-debug/Hello-World-.qtc-ARM-Bare-5c5e68d8.07263495/.obj/e64ca3ddddfee403/stm32f4xx_rcc.c.o
 .debug_aranges
                0x00000000000002c8       0x20 /usr/lib/gcc/arm-none-eabi/4.8.2/../../../arm-none-eabi/lib/armv7e-m/fpu/libg.a(lib_a-atexit.o)
 .debug_aranges
                0x00000000000002e8       0x20 /usr/lib/gcc/arm-none-eabi/4.8.2/../../../arm-none-eabi/lib/armv7e-m/fpu/libg.a(lib_a-fini.o)
 .debug_aranges
                0x0000000000000308       0x18 /usr/lib/gcc/arm-none-eabi/4.8.2/../../../arm-none-eabi/lib/armv7e-m/fpu/libg.a(lib_a-impure.o)
 .debug_aranges
                0x0000000000000320       0x20 /usr/lib/gcc/arm-none-eabi/4.8.2/../../../arm-none-eabi/lib/armv7e-m/fpu/libg.a(lib_a-__atexit.o)
 .debug_aranges
                0x0000000000000340       0x28 /usr/lib/gcc/arm-none-eabi/4.8.2/../../../arm-none-eabi/lib/armv7e-m/fpu/libg.a(lib_a-__call_atexit.o)

.debug_ranges   0x0000000000000000      0x2e8
 .debug_ranges  0x0000000000000000       0x20 /home/hans/projects/Software/build-helloworld-ARM_Bare_Metal-Debug/qtc_ARM_Bare_5c5e68d8-debug/Hello-World-.qtc-ARM-Bare-5c5e68d8.07263495/.obj/13e10eb74e15914e/system_stm32f4xx.c.o
 .debug_ranges  0x0000000000000020       0x18 /home/hans/projects/Software/build-helloworld-ARM_Bare_Metal-Debug/qtc_ARM_Bare_5c5e68d8-debug/Hello-World-.qtc-ARM-Bare-5c5e68d8.07263495/.obj/91fef50b4c5e1c50/main.c.o
 .debug_ranges  0x0000000000000038       0x20 /home/hans/projects/Software/build-helloworld-ARM_Bare_Metal-Debug/qtc_ARM_Bare_5c5e68d8-debug/Hello-World-.qtc-ARM-Bare-5c5e68d8.07263495/.obj/b755b607209abcd4/startup_stm32f40xx.s.o
 .debug_ranges  0x0000000000000058       0x78 /home/hans/projects/Software/build-helloworld-ARM_Bare_Metal-Debug/qtc_ARM_Bare_5c5e68d8-debug/Hello-World-.qtc-ARM-Bare-5c5e68d8.07263495/.obj/e64ca3ddddfee403/stm32f4xx_gpio.c.o
 .debug_ranges  0x00000000000000d0      0x1b0 /home/hans/projects/Software/build-helloworld-ARM_Bare_Metal-Debug/qtc_ARM_Bare_5c5e68d8-debug/Hello-World-.qtc-ARM-Bare-5c5e68d8.07263495/.obj/e64ca3ddddfee403/stm32f4xx_rcc.c.o
 .debug_ranges  0x0000000000000280       0x10 /usr/lib/gcc/arm-none-eabi/4.8.2/../../../arm-none-eabi/lib/armv7e-m/fpu/libg.a(lib_a-atexit.o)
 .debug_ranges  0x0000000000000290       0x10 /usr/lib/gcc/arm-none-eabi/4.8.2/../../../arm-none-eabi/lib/armv7e-m/fpu/libg.a(lib_a-fini.o)
 .debug_ranges  0x00000000000002a0       0x10 /usr/lib/gcc/arm-none-eabi/4.8.2/../../../arm-none-eabi/lib/armv7e-m/fpu/libg.a(lib_a-__atexit.o)
 .debug_ranges  0x00000000000002b0       0x38 /usr/lib/gcc/arm-none-eabi/4.8.2/../../../arm-none-eabi/lib/armv7e-m/fpu/libg.a(lib_a-__call_atexit.o)

.debug_line     0x0000000000000000     0x1e3b
 .debug_line    0x0000000000000000      0x1a7 /home/hans/projects/Software/build-helloworld-ARM_Bare_Metal-Debug/qtc_ARM_Bare_5c5e68d8-debug/Hello-World-.qtc-ARM-Bare-5c5e68d8.07263495/.obj/13e10eb74e15914e/system_stm32f4xx.c.o
 .debug_line    0x00000000000001a7      0x1eb /home/hans/projects/Software/build-helloworld-ARM_Bare_Metal-Debug/qtc_ARM_Bare_5c5e68d8-debug/Hello-World-.qtc-ARM-Bare-5c5e68d8.07263495/.obj/91fef50b4c5e1c50/main.c.o
 .debug_line    0x0000000000000392       0xb0 /home/hans/projects/Software/build-helloworld-ARM_Bare_Metal-Debug/qtc_ARM_Bare_5c5e68d8-debug/Hello-World-.qtc-ARM-Bare-5c5e68d8.07263495/.obj/b755b607209abcd4/startup_stm32f40xx.s.o
 .debug_line    0x0000000000000442      0x61f /home/hans/projects/Software/build-helloworld-ARM_Bare_Metal-Debug/qtc_ARM_Bare_5c5e68d8-debug/Hello-World-.qtc-ARM-Bare-5c5e68d8.07263495/.obj/e64ca3ddddfee403/stm32f4xx_gpio.c.o
 .debug_line    0x0000000000000a61      0xeb8 /home/hans/projects/Software/build-helloworld-ARM_Bare_Metal-Debug/qtc_ARM_Bare_5c5e68d8-debug/Hello-World-.qtc-ARM-Bare-5c5e68d8.07263495/.obj/e64ca3ddddfee403/stm32f4xx_rcc.c.o
 .debug_line    0x0000000000001919       0xa9 /usr/lib/gcc/arm-none-eabi/4.8.2/../../../arm-none-eabi/lib/armv7e-m/fpu/libg.a(lib_a-atexit.o)
 .debug_line    0x00000000000019c2       0x9f /usr/lib/gcc/arm-none-eabi/4.8.2/../../../arm-none-eabi/lib/armv7e-m/fpu/libg.a(lib_a-fini.o)
 .debug_line    0x0000000000001a61       0xd9 /usr/lib/gcc/arm-none-eabi/4.8.2/../../../arm-none-eabi/lib/armv7e-m/fpu/libg.a(lib_a-impure.o)
 .debug_line    0x0000000000001b3a      0x163 /usr/lib/gcc/arm-none-eabi/4.8.2/../../../arm-none-eabi/lib/armv7e-m/fpu/libg.a(lib_a-__atexit.o)
 .debug_line    0x0000000000001c9d      0x19e /usr/lib/gcc/arm-none-eabi/4.8.2/../../../arm-none-eabi/lib/armv7e-m/fpu/libg.a(lib_a-__call_atexit.o)

.debug_str      0x0000000000000000     0x1562
 .debug_str     0x0000000000000000      0x387 /home/hans/projects/Software/build-helloworld-ARM_Bare_Metal-Debug/qtc_ARM_Bare_5c5e68d8-debug/Hello-World-.qtc-ARM-Bare-5c5e68d8.07263495/.obj/13e10eb74e15914e/system_stm32f4xx.c.o
                                        0x3fb (size before relaxing)
 .debug_str     0x0000000000000387      0x1e7 /home/hans/projects/Software/build-helloworld-ARM_Bare_Metal-Debug/qtc_ARM_Bare_5c5e68d8-debug/Hello-World-.qtc-ARM-Bare-5c5e68d8.07263495/.obj/91fef50b4c5e1c50/main.c.o
                                        0x35c (size before relaxing)
 .debug_str     0x000000000000056e      0x1cb /home/hans/projects/Software/build-helloworld-ARM_Bare_Metal-Debug/qtc_ARM_Bare_5c5e68d8-debug/Hello-World-.qtc-ARM-Bare-5c5e68d8.07263495/.obj/e64ca3ddddfee403/stm32f4xx_gpio.c.o
                                        0x4eb (size before relaxing)
 .debug_str     0x0000000000000739      0x6f4 /home/hans/projects/Software/build-helloworld-ARM_Bare_Metal-Debug/qtc_ARM_Bare_5c5e68d8-debug/Hello-World-.qtc-ARM-Bare-5c5e68d8.07263495/.obj/e64ca3ddddfee403/stm32f4xx_rcc.c.o
                                        0xa0d (size before relaxing)
 .debug_str     0x0000000000000e2d      0x190 /usr/lib/gcc/arm-none-eabi/4.8.2/../../../arm-none-eabi/lib/armv7e-m/fpu/libg.a(lib_a-atexit.o)
                                        0x229 (size before relaxing)
 .debug_str     0x0000000000000fbd       0xb7 /usr/lib/gcc/arm-none-eabi/4.8.2/../../../arm-none-eabi/lib/armv7e-m/fpu/libg.a(lib_a-fini.o)
                                        0x221 (size before relaxing)
 .debug_str     0x0000000000001074      0x432 /usr/lib/gcc/arm-none-eabi/4.8.2/../../../arm-none-eabi/lib/armv7e-m/fpu/libg.a(lib_a-impure.o)
                                        0x5bd (size before relaxing)
 .debug_str     0x00000000000014a6       0x33 /usr/lib/gcc/arm-none-eabi/4.8.2/../../../arm-none-eabi/lib/armv7e-m/fpu/libg.a(lib_a-__atexit.o)
                                        0x605 (size before relaxing)
 .debug_str     0x00000000000014d9       0x89 /usr/lib/gcc/arm-none-eabi/4.8.2/../../../arm-none-eabi/lib/armv7e-m/fpu/libg.a(lib_a-__call_atexit.o)
                                        0x61d (size before relaxing)

.debug_frame    0x0000000000000000      0x9d4
 .debug_frame   0x0000000000000000       0x64 /home/hans/projects/Software/build-helloworld-ARM_Bare_Metal-Debug/qtc_ARM_Bare_5c5e68d8-debug/Hello-World-.qtc-ARM-Bare-5c5e68d8.07263495/.obj/13e10eb74e15914e/system_stm32f4xx.c.o
 .debug_frame   0x0000000000000064       0x4c /home/hans/projects/Software/build-helloworld-ARM_Bare_Metal-Debug/qtc_ARM_Bare_5c5e68d8-debug/Hello-World-.qtc-ARM-Bare-5c5e68d8.07263495/.obj/91fef50b4c5e1c50/main.c.o
 .debug_frame   0x00000000000000b0      0x1cc /home/hans/projects/Software/build-helloworld-ARM_Bare_Metal-Debug/qtc_ARM_Bare_5c5e68d8-debug/Hello-World-.qtc-ARM-Bare-5c5e68d8.07263495/.obj/e64ca3ddddfee403/stm32f4xx_gpio.c.o
 .debug_frame   0x000000000000027c      0x694 /home/hans/projects/Software/build-helloworld-ARM_Bare_Metal-Debug/qtc_ARM_Bare_5c5e68d8-debug/Hello-World-.qtc-ARM-Bare-5c5e68d8.07263495/.obj/e64ca3ddddfee403/stm32f4xx_rcc.c.o
 .debug_frame   0x0000000000000910       0x20 /usr/lib/gcc/arm-none-eabi/4.8.2/../../../arm-none-eabi/lib/armv7e-m/fpu/libg.a(lib_a-atexit.o)
 .debug_frame   0x0000000000000930       0x2c /usr/lib/gcc/arm-none-eabi/4.8.2/../../../arm-none-eabi/lib/armv7e-m/fpu/libg.a(lib_a-fini.o)
 .debug_frame   0x000000000000095c       0x30 /usr/lib/gcc/arm-none-eabi/4.8.2/../../../arm-none-eabi/lib/armv7e-m/fpu/libg.a(lib_a-__atexit.o)
 .debug_frame   0x000000000000098c       0x48 /usr/lib/gcc/arm-none-eabi/4.8.2/../../../arm-none-eabi/lib/armv7e-m/fpu/libg.a(lib_a-__call_atexit.o)

.debug_loc      0x0000000000000000      0x32a
 .debug_loc     0x0000000000000000       0x2c /usr/lib/gcc/arm-none-eabi/4.8.2/../../../arm-none-eabi/lib/armv7e-m/fpu/libg.a(lib_a-atexit.o)
 .debug_loc     0x000000000000002c       0x5c /usr/lib/gcc/arm-none-eabi/4.8.2/../../../arm-none-eabi/lib/armv7e-m/fpu/libg.a(lib_a-fini.o)
 .debug_loc     0x0000000000000088      0x14d /usr/lib/gcc/arm-none-eabi/4.8.2/../../../arm-none-eabi/lib/armv7e-m/fpu/libg.a(lib_a-__atexit.o)
 .debug_loc     0x00000000000001d5      0x155 /usr/lib/gcc/arm-none-eabi/4.8.2/../../../arm-none-eabi/lib/armv7e-m/fpu/libg.a(lib_a-__call_atexit.o)
